+---------------------------------------------------------------------------+
|            a slightly more inspired map of where it's at                  |
+---------------------------------------------------------------------------+
|                                                                           |
|                                car_park           wizroom                 |
|                                    |                 |                    |
|                 [cupboard] ----,   |                 |                    |
|                                |   |                 |                    |
|                       ,------- reception ------- store_room...            |
|    ,-- directors ----'             |             |     |                  |
|    |                               |   ,---------'     |                  |
|   safe                             |   |               |                  |
|                     ,-------- main_office ----,        |                  |
|                     |              |          |        |                  |
|           ,------ library          |      toilets -- back_store           |
|           |         |              |                   |                  |
|    andys_computer   |              |                   |                  |
|                     `-------- conference --------------'                  |
|                                                                           |
+---------------------------------------------------------------------------+
